
> emerson-eims@2.0.0 build
> next build

   Γû▓ Next.js 15.1.3
   - Environments: .env.local, .env.production, .env

   Creating an optimized production build ...
